\BOOKMARK [1][-]{section.1}{\376\377\166\370\121\163\135\345\117\134}{}% 1
\BOOKMARK [1][-]{section.2}{\376\377\145\271\154\325}{}% 2
\BOOKMARK [2][-]{subsection.2.1}{\376\377\225\356\230\230\133\232\116\111}{section.2}% 3
\BOOKMARK [2][-]{subsection.2.2}{\376\377\145\271\154\325\150\106\147\266}{section.2}% 4
\BOOKMARK [2][-]{subsection.2.3}{\376\377\120\031\220\011\226\306\124\010\147\204\220\040\116\016\211\304\122\031\127\372\176\277}{section.2}% 5
\BOOKMARK [2][-]{subsection.2.4}{\376\377\176\323\147\204\123\026\213\355\116\111\122\044\122\053}{section.2}% 6
\BOOKMARK [2][-]{subsection.2.5}{\376\377\200\114\215\043\123\026\123\117\117\134\131\015\150\070}{section.2}% 7
\BOOKMARK [2][-]{subsection.2.6}{\376\377\123\117\117\134\211\346\123\321\116\016\145\071\122\044\143\210\147\103}{section.2}% 8
\BOOKMARK [2][-]{subsection.2.7}{\376\377\217\307\172\013\213\260\137\125\116\016\142\147\210\114\143\245\123\343}{section.2}% 9
\BOOKMARK [1][-]{section.3}{\376\377\133\236\232\214\213\276\177\156}{}% 10
\BOOKMARK [2][-]{subsection.3.1}{\376\377\145\160\143\156\116\016\213\304\155\113\123\117\213\256}{section.3}% 11
\BOOKMARK [2][-]{subsection.3.2}{\376\377\213\304\155\113\143\007\150\007}{section.3}% 12
\BOOKMARK [2][-]{subsection.3.3}{\376\377\133\371\153\324\174\373\176\337\116\016\133\236\232\214\221\115\177\156}{section.3}% 13
\BOOKMARK [1][-]{section.4}{\376\377\133\236\232\214\176\323\147\234\116\016\122\006\147\220}{}% 14
\BOOKMARK [2][-]{subsection.4.1}{\376\377\176\337\116\000\116\073\176\323\147\234}{section.4}% 15
\BOOKMARK [2][-]{subsection.4.2}{\376\377\142\151\134\125\121\263\173\126\221\115\177\156\122\006\147\220\377\032\123\117\117\134\117\125\145\366\147\011\145\110}{section.4}% 16
\BOOKMARK [2][-]{subsection.4.3}{\376\377\214\003\165\050\131\015\147\102\136\246\116\343\164\006\122\006\147\220}{section.4}% 17
\BOOKMARK [2][-]{subsection.4.4}{\376\377\150\067\147\054\154\140\175\057\213\241\172\063\133\232\140\047\122\006\147\220}{section.4}% 18
\BOOKMARK [2][-]{subsection.4.5}{\376\377\117\125\171\315\123\117\117\134\137\142\137\017\147\011\145\110\377\032\123\117\117\134\131\015\150\070\155\210\207\215}{section.4}% 19
\BOOKMARK [2][-]{subsection.4.6}{\376\377\124\016\232\214\213\312\145\255\122\006\147\220}{section.4}% 20
\BOOKMARK [2][-]{subsection.4.7}{\376\377\121\170\127\213\150\067\147\054\122\006\147\220}{section.4}% 21
\BOOKMARK [2][-]{subsection.4.8}{\376\377\176\323\147\234\172\063\133\232\140\047\116\016\220\002\165\050\140\047\122\006\147\220}{section.4}% 22
\BOOKMARK [1][-]{section.5}{\376\377\213\250\213\272\116\016\134\125\147\033}{}% 23
\BOOKMARK [1][-]{section.6}{\376\377\176\323\213\272}{}% 24
